// Jest Snapshot v1, https://goo.gl/fbAQLP

exports[`User reducer VALIDATE_USER.SUCCESS works as expected 1`] = `
Object {
  "user": Object {
    "isAnonymous": true,
    "userId": "123",
  },
}
`;

exports[`User reducer returns the initial state 1`] = `
Object {
  "user": null,
}
`;
